https://www.youtube.com/watch?v=xNoIT1LywUI
https://www.youtube.com/watch?v=G8brlQoyHpQ
https://www.youtube.com/watch?v=y5e1UCloQpc
https://www.youtube.com/watch?v=6J2MIJzoUb4
https://www.youtube.com/watch?v=KbAjgTZlnVM
https://www.youtube.com/watch?v=jWGQqthlxbw
https://www.youtube.com/watch?v=LfyyaMTE1Lk
https://www.youtube.com/watch?v=otao-ca3PGY
https://www.youtube.com/watch?v=ah6_QzB1Q0o
https://www.youtube.com/watch?v=fo0Y6UGmApY
https://www.youtube.com/watch?v=m0xm7NhwMyM
https://www.youtube.com/watch?v=2b6st1NWLL4
https://www.youtube.com/watch?v=t9AdfrV5jlI
https://www.youtube.com/watch?v=4U4Qu02IkOs
https://www.youtube.com/watch?v=U5VTPE3kxn8
https://www.youtube.com/watch?v=roIRLpXQ798
https://www.youtube.com/watch?v=_h5XLp_cne0
https://www.youtube.com/watch?v=IRYpHhganzY
https://www.youtube.com/watch?v=VW4Jt1SRd0I
https://www.youtube.com/watch?v=XXjMDPC71qc
https://www.youtube.com/watch?v=jrj2P7bQjaE
https://www.youtube.com/watch?v=iwaQ1GrN3jI
https://www.youtube.com/watch?v=cgk12uYNej4
https://www.youtube.com/watch?v=ri_uiCawSVY
https://www.youtube.com/watch?v=PFgh5GuZvaQ
https://www.youtube.com/watch?v=sAecQlph4sg
